/test-dir/a:a
/test-dir/b:a
/test-dir/c:c
/test-dir/d:c
