Successfully closed file!
Successfully closed stderr!
Successfully closed stdin!
Successfully closed stdout!
